// Jest Snapshot v1, https://goo.gl/fbAQLP

exports[`MovieSearchApp should render as expected 1`] = `
<div
  className="MovieSearchApp"
>
  <SearchForm />
</div>
`;
